..............XX...s.............x............x......................... [ 29%]
........................................................................ [ 58%]
.....................s..........................................XX...s.. [ 87%]
.......xx........................                                        [100%]
[project_guard] WARNING: the run changed D:\LIONant\xLION\example.lionprj\Project.config\Keymaps\user.keymap.txt, which is outside what the guard can put back

[project_guard] put example.lionprj back: 4 file(s) restored, 57 file(s) the run created removed

=================================== XPASSES ===================================
============================ editor problem report ============================
no asserts, crashes or Vulkan errors were logged
=========================== short test summary info ===========================
SKIPPED [2] test_resource_editors.py:31: the example project has no compiled Font asset to open
SKIPPED [1] test_modal_position.py:80: the example project has no compiled Font asset to open
XFAIL test_components.py::test_add_component_already_has_it_refused - AddComponent does not refuse adding a component that already exists
XFAIL test_console_and_chat.py::test_bad_base64_refused - Editor does not properly validate base64 input
XFAIL test_robustness.py::test_set_property_with_unparseable_before_after - known crash: SetProperty with unparseable -Before/-After
XFAIL test_robustness.py::test_set_property_with_unparseable_before_after - known crash: SetProperty with unparseable -Before/-After
XPASS test_actions.py::test_every_resource_editor_gets_the_editor_actions[Material] - mesh_preview crash, TODO_stability_and_actions.md #2
XPASS test_actions.py::test_every_resource_editor_gets_the_editor_actions[MaterialInstance] - mesh_preview crash, TODO_stability_and_actions.md #2
XPASS test_resource_editors.py::test_open_resource_editor[Material] - mesh_preview crash, TODO_stability_and_actions.md #2
XPASS test_resource_editors.py::test_open_resource_editor[MaterialInstance] - mesh_preview crash, TODO_stability_and_actions.md #2
238 passed, 3 skipped, 4 xfailed, 4 xpassed in 501.66s (0:08:21)
